// Jest Snapshot v1, https://goo.gl/fbAQLP

exports[`Test scatterPlotXLinearYLinear SVG 1`] = `"<div style=\\"width: 600px; height: 200px;\\"><svg preserveAspectRatio=\\"none\\" width=\\"100%\\" height=\\"100%\\" viewBox=\\"0 0 600 200\\"><g><g id=\\"mockID\\" class=\\"chrt-axis chrt-x-axis\\" transform=\\"translate(0,180)\\"><line data-id=\\"tick-x-axis-line\\" stroke=\\"#000\\" stroke-width=\\"1\\" x1=\\"40\\" x2=\\"580\\" y1=\\"0\\" y2=\\"0\\"></line><g data-id=\\"tick-x-0\\" transform=\\"translate(40, 0)\\" style=\\"display: block;\\"><line stroke=\\"#000\\" stroke-width=\\"1\\" x1=\\"0\\" x2=\\"0\\" y1=\\"0\\" y2=\\"5\\"></line></g><g data-id=\\"tick-x-10\\" transform=\\"translate(94, 0)\\" style=\\"display: block;\\"><line stroke=\\"#000\\" stroke-width=\\"1\\" x1=\\"0\\" x2=\\"0\\" y1=\\"0\\" y2=\\"5\\"></line></g><g data-id=\\"tick-x-20\\" transform=\\"translate(148, 0)\\" style=\\"display: block;\\"><line stroke=\\"#000\\" stroke-width=\\"1\\" x1=\\"0\\" x2=\\"0\\" y1=\\"0\\" y2=\\"5\\"></line></g><g data-id=\\"tick-x-30\\" transform=\\"translate(202, 0)\\" style=\\"display: block;\\"><line stroke=\\"#000\\" stroke-width=\\"1\\" x1=\\"0\\" x2=\\"0\\" y1=\\"0\\" y2=\\"5\\"></line></g><g data-id=\\"tick-x-40\\" transform=\\"translate(256, 0)\\" style=\\"display: block;\\"><line stroke=\\"#000\\" stroke-width=\\"1\\" x1=\\"0\\" x2=\\"0\\" y1=\\"0\\" y2=\\"5\\"></line></g><g data-id=\\"tick-x-50\\" transform=\\"translate(310, 0)\\" style=\\"display: block;\\"><line stroke=\\"#000\\" stroke-width=\\"1\\" x1=\\"0\\" x2=\\"0\\" y1=\\"0\\" y2=\\"5\\"></line></g><g data-id=\\"tick-x-60\\" transform=\\"translate(364, 0)\\" style=\\"display: block;\\"><line stroke=\\"#000\\" stroke-width=\\"1\\" x1=\\"0\\" x2=\\"0\\" y1=\\"0\\" y2=\\"5\\"></line></g><g data-id=\\"tick-x-70\\" transform=\\"translate(418, 0)\\" style=\\"display: block;\\"><line stroke=\\"#000\\" stroke-width=\\"1\\" x1=\\"0\\" x2=\\"0\\" y1=\\"0\\" y2=\\"5\\"></line></g><g data-id=\\"tick-x-80\\" transform=\\"translate(472, 0)\\" style=\\"display: block;\\"><line stroke=\\"#000\\" stroke-width=\\"1\\" x1=\\"0\\" x2=\\"0\\" y1=\\"0\\" y2=\\"5\\"></line></g><g data-id=\\"tick-x-90\\" transform=\\"translate(526, 0)\\" style=\\"display: block;\\"><line stroke=\\"#000\\" stroke-width=\\"1\\" x1=\\"0\\" x2=\\"0\\" y1=\\"0\\" y2=\\"5\\"></line></g><g data-id=\\"tick-x-100\\" transform=\\"translate(580, 0)\\" style=\\"display: block;\\"><line stroke=\\"#000\\" stroke-width=\\"1\\" x1=\\"0\\" x2=\\"0\\" y1=\\"0\\" y2=\\"5\\"></line></g><g data-id=\\"label-x-0\\" transform=\\"translate(40, 0)\\" style=\\"display: block;\\"><text fill=\\"#000\\" text-anchor=\\"middle\\" y=\\"5\\" data-orientation=\\"1\\" dy=\\"1em\\">0</text></g><g data-id=\\"label-x-10\\" transform=\\"translate(94, 0)\\" style=\\"display: block;\\"><text fill=\\"#000\\" text-anchor=\\"middle\\" y=\\"5\\" data-orientation=\\"1\\" dy=\\"1em\\">10</text></g><g data-id=\\"label-x-20\\" transform=\\"translate(148, 0)\\" style=\\"display: block;\\"><text fill=\\"#000\\" text-anchor=\\"middle\\" y=\\"5\\" data-orientation=\\"1\\" dy=\\"1em\\">20</text></g><g data-id=\\"label-x-30\\" transform=\\"translate(202, 0)\\" style=\\"display: block;\\"><text fill=\\"#000\\" text-anchor=\\"middle\\" y=\\"5\\" data-orientation=\\"1\\" dy=\\"1em\\">30</text></g><g data-id=\\"label-x-40\\" transform=\\"translate(256, 0)\\" style=\\"display: block;\\"><text fill=\\"#000\\" text-anchor=\\"middle\\" y=\\"5\\" data-orientation=\\"1\\" dy=\\"1em\\">40</text></g><g data-id=\\"label-x-50\\" transform=\\"translate(310, 0)\\" style=\\"display: block;\\"><text fill=\\"#000\\" text-anchor=\\"middle\\" y=\\"5\\" data-orientation=\\"1\\" dy=\\"1em\\">50</text></g><g data-id=\\"label-x-60\\" transform=\\"translate(364, 0)\\" style=\\"display: block;\\"><text fill=\\"#000\\" text-anchor=\\"middle\\" y=\\"5\\" data-orientation=\\"1\\" dy=\\"1em\\">60</text></g><g data-id=\\"label-x-70\\" transform=\\"translate(418, 0)\\" style=\\"display: block;\\"><text fill=\\"#000\\" text-anchor=\\"middle\\" y=\\"5\\" data-orientation=\\"1\\" dy=\\"1em\\">70</text></g><g data-id=\\"label-x-80\\" transform=\\"translate(472, 0)\\" style=\\"display: block;\\"><text fill=\\"#000\\" text-anchor=\\"middle\\" y=\\"5\\" data-orientation=\\"1\\" dy=\\"1em\\">80</text></g><g data-id=\\"label-x-90\\" transform=\\"translate(526, 0)\\" style=\\"display: block;\\"><text fill=\\"#000\\" text-anchor=\\"middle\\" y=\\"5\\" data-orientation=\\"1\\" dy=\\"1em\\">90</text></g><g data-id=\\"label-x-100\\" transform=\\"translate(580, 0)\\" style=\\"display: block;\\"><text fill=\\"#000\\" text-anchor=\\"middle\\" y=\\"5\\" data-orientation=\\"1\\" dy=\\"1em\\">100</text></g></g><g id=\\"mockID\\" class=\\"chrt-axis chrt-y-axis\\" transform=\\"translate(40,0)\\"><line data-id=\\"tick-y-axis-line\\" stroke=\\"#000\\" stroke-width=\\"1\\" x1=\\"0\\" x2=\\"0\\" y1=\\"20\\" y2=\\"180\\"></line><g data-id=\\"tick-y-0\\" transform=\\"translate(0, 180)\\" style=\\"display: block;\\"><line stroke=\\"#000\\" stroke-width=\\"1\\" x1=\\"0\\" x2=\\"-5\\"></line></g><g data-id=\\"tick-y-10\\" transform=\\"translate(0, 164)\\" style=\\"display: block;\\"><line stroke=\\"#000\\" stroke-width=\\"1\\" x1=\\"0\\" x2=\\"-5\\"></line></g><g data-id=\\"tick-y-20\\" transform=\\"translate(0, 148)\\" style=\\"display: block;\\"><line stroke=\\"#000\\" stroke-width=\\"1\\" x1=\\"0\\" x2=\\"-5\\"></line></g><g data-id=\\"tick-y-30\\" transform=\\"translate(0, 132)\\" style=\\"display: block;\\"><line stroke=\\"#000\\" stroke-width=\\"1\\" x1=\\"0\\" x2=\\"-5\\"></line></g><g data-id=\\"tick-y-40\\" transform=\\"translate(0, 116)\\" style=\\"display: block;\\"><line stroke=\\"#000\\" stroke-width=\\"1\\" x1=\\"0\\" x2=\\"-5\\"></line></g><g data-id=\\"tick-y-50\\" transform=\\"translate(0, 100)\\" style=\\"display: block;\\"><line stroke=\\"#000\\" stroke-width=\\"1\\" x1=\\"0\\" x2=\\"-5\\"></line></g><g data-id=\\"tick-y-60\\" transform=\\"translate(0, 84)\\" style=\\"display: block;\\"><line stroke=\\"#000\\" stroke-width=\\"1\\" x1=\\"0\\" x2=\\"-5\\"></line></g><g data-id=\\"tick-y-70\\" transform=\\"translate(0, 68)\\" style=\\"display: block;\\"><line stroke=\\"#000\\" stroke-width=\\"1\\" x1=\\"0\\" x2=\\"-5\\"></line></g><g data-id=\\"tick-y-80\\" transform=\\"translate(0, 52)\\" style=\\"display: block;\\"><line stroke=\\"#000\\" stroke-width=\\"1\\" x1=\\"0\\" x2=\\"-5\\"></line></g><g data-id=\\"tick-y-90\\" transform=\\"translate(0, 36)\\" style=\\"display: block;\\"><line stroke=\\"#000\\" stroke-width=\\"1\\" x1=\\"0\\" x2=\\"-5\\"></line></g><g data-id=\\"tick-y-100\\" transform=\\"translate(0, 20)\\" style=\\"display: block;\\"><line stroke=\\"#000\\" stroke-width=\\"1\\" x1=\\"0\\" x2=\\"-5\\"></line></g><g data-id=\\"label-y-0\\" transform=\\"translate(0, 180)\\" style=\\"display: block;\\"><text fill=\\"#000\\" text-anchor=\\"end\\" x=\\"-5\\" dx=\\"-5px\\" dy=\\"0.25em\\">0</text></g><g data-id=\\"label-y-10\\" transform=\\"translate(0, 164)\\" style=\\"display: block;\\"><text fill=\\"#000\\" text-anchor=\\"end\\" x=\\"-5\\" dx=\\"-5px\\" dy=\\"0.25em\\">10</text></g><g data-id=\\"label-y-20\\" transform=\\"translate(0, 148)\\" style=\\"display: block;\\"><text fill=\\"#000\\" text-anchor=\\"end\\" x=\\"-5\\" dx=\\"-5px\\" dy=\\"0.25em\\">20</text></g><g data-id=\\"label-y-30\\" transform=\\"translate(0, 132)\\" style=\\"display: block;\\"><text fill=\\"#000\\" text-anchor=\\"end\\" x=\\"-5\\" dx=\\"-5px\\" dy=\\"0.25em\\">30</text></g><g data-id=\\"label-y-40\\" transform=\\"translate(0, 116)\\" style=\\"display: block;\\"><text fill=\\"#000\\" text-anchor=\\"end\\" x=\\"-5\\" dx=\\"-5px\\" dy=\\"0.25em\\">40</text></g><g data-id=\\"label-y-50\\" transform=\\"translate(0, 100)\\" style=\\"display: block;\\"><text fill=\\"#000\\" text-anchor=\\"end\\" x=\\"-5\\" dx=\\"-5px\\" dy=\\"0.25em\\">50</text></g><g data-id=\\"label-y-60\\" transform=\\"translate(0, 84)\\" style=\\"display: block;\\"><text fill=\\"#000\\" text-anchor=\\"end\\" x=\\"-5\\" dx=\\"-5px\\" dy=\\"0.25em\\">60</text></g><g data-id=\\"label-y-70\\" transform=\\"translate(0, 68)\\" style=\\"display: block;\\"><text fill=\\"#000\\" text-anchor=\\"end\\" x=\\"-5\\" dx=\\"-5px\\" dy=\\"0.25em\\">70</text></g><g data-id=\\"label-y-80\\" transform=\\"translate(0, 52)\\" style=\\"display: block;\\"><text fill=\\"#000\\" text-anchor=\\"end\\" x=\\"-5\\" dx=\\"-5px\\" dy=\\"0.25em\\">80</text></g><g data-id=\\"label-y-90\\" transform=\\"translate(0, 36)\\" style=\\"display: block;\\"><text fill=\\"#000\\" text-anchor=\\"end\\" x=\\"-5\\" dx=\\"-5px\\" dy=\\"0.25em\\">90</text></g><g data-id=\\"label-y-100\\" transform=\\"translate(0, 20)\\" style=\\"display: block;\\"><text fill=\\"#000\\" text-anchor=\\"end\\" x=\\"-5\\" dx=\\"-5px\\" dy=\\"0.25em\\">100</text></g></g><g id=\\"mockID\\" class=\\"chrt-points\\"><circle data-id=\\"circle--0\\" cx=\\"40\\" cy=\\"180\\" r=\\"5\\" fill=\\"#ff6600\\" fill-opacity=\\"0.5\\" stroke=\\"#000\\" stroke-width=\\"2\\" stroke-opacity=\\"0.5\\"></circle><circle data-id=\\"circle--1\\" cx=\\"45.4\\" cy=\\"178.4\\" r=\\"5\\" fill=\\"#ff6600\\" fill-opacity=\\"0.5\\" stroke=\\"#000\\" stroke-width=\\"2\\" stroke-opacity=\\"0.5\\"></circle><circle data-id=\\"circle--2\\" cx=\\"50.8\\" cy=\\"176.8\\" r=\\"5\\" fill=\\"#ff6600\\" fill-opacity=\\"0.5\\" stroke=\\"#000\\" stroke-width=\\"2\\" stroke-opacity=\\"0.5\\"></circle><circle data-id=\\"circle--3\\" cx=\\"56.2\\" cy=\\"175.2\\" r=\\"5\\" fill=\\"#ff6600\\" fill-opacity=\\"0.5\\" stroke=\\"#000\\" stroke-width=\\"2\\" stroke-opacity=\\"0.5\\"></circle><circle data-id=\\"circle--4\\" cx=\\"61.6\\" cy=\\"173.6\\" r=\\"5\\" fill=\\"#ff6600\\" fill-opacity=\\"0.5\\" stroke=\\"#000\\" stroke-width=\\"2\\" stroke-opacity=\\"0.5\\"></circle><circle data-id=\\"circle--5\\" cx=\\"67\\" cy=\\"172\\" r=\\"5\\" fill=\\"#ff6600\\" fill-opacity=\\"0.5\\" stroke=\\"#000\\" stroke-width=\\"2\\" stroke-opacity=\\"0.5\\"></circle><circle data-id=\\"circle--6\\" cx=\\"72.4\\" cy=\\"170.4\\" r=\\"5\\" fill=\\"#ff6600\\" fill-opacity=\\"0.5\\" stroke=\\"#000\\" stroke-width=\\"2\\" stroke-opacity=\\"0.5\\"></circle><circle data-id=\\"circle--7\\" cx=\\"77.80000000000001\\" cy=\\"168.8\\" r=\\"5\\" fill=\\"#ff6600\\" fill-opacity=\\"0.5\\" stroke=\\"#000\\" stroke-width=\\"2\\" stroke-opacity=\\"0.5\\"></circle><circle data-id=\\"circle--8\\" cx=\\"83.2\\" cy=\\"167.2\\" r=\\"5\\" fill=\\"#ff6600\\" fill-opacity=\\"0.5\\" stroke=\\"#000\\" stroke-width=\\"2\\" stroke-opacity=\\"0.5\\"></circle><circle data-id=\\"circle--9\\" cx=\\"88.6\\" cy=\\"165.6\\" r=\\"5\\" fill=\\"#ff6600\\" fill-opacity=\\"0.5\\" stroke=\\"#000\\" stroke-width=\\"2\\" stroke-opacity=\\"0.5\\"></circle><circle data-id=\\"circle--10\\" cx=\\"94\\" cy=\\"164\\" r=\\"5\\" fill=\\"#ff6600\\" fill-opacity=\\"0.5\\" stroke=\\"#000\\" stroke-width=\\"2\\" stroke-opacity=\\"0.5\\"></circle><circle data-id=\\"circle--11\\" cx=\\"99.4\\" cy=\\"162.4\\" r=\\"5\\" fill=\\"#ff6600\\" fill-opacity=\\"0.5\\" stroke=\\"#000\\" stroke-width=\\"2\\" stroke-opacity=\\"0.5\\"></circle><circle data-id=\\"circle--12\\" cx=\\"104.8\\" cy=\\"160.8\\" r=\\"5\\" fill=\\"#ff6600\\" fill-opacity=\\"0.5\\" stroke=\\"#000\\" stroke-width=\\"2\\" stroke-opacity=\\"0.5\\"></circle><circle data-id=\\"circle--13\\" cx=\\"110.2\\" cy=\\"159.2\\" r=\\"5\\" fill=\\"#ff6600\\" fill-opacity=\\"0.5\\" stroke=\\"#000\\" stroke-width=\\"2\\" stroke-opacity=\\"0.5\\"></circle><circle data-id=\\"circle--14\\" cx=\\"115.60000000000001\\" cy=\\"157.6\\" r=\\"5\\" fill=\\"#ff6600\\" fill-opacity=\\"0.5\\" stroke=\\"#000\\" stroke-width=\\"2\\" stroke-opacity=\\"0.5\\"></circle><circle data-id=\\"circle--15\\" cx=\\"121\\" cy=\\"156\\" r=\\"5\\" fill=\\"#ff6600\\" fill-opacity=\\"0.5\\" stroke=\\"#000\\" stroke-width=\\"2\\" stroke-opacity=\\"0.5\\"></circle><circle data-id=\\"circle--16\\" cx=\\"126.4\\" cy=\\"154.4\\" r=\\"5\\" fill=\\"#ff6600\\" fill-opacity=\\"0.5\\" stroke=\\"#000\\" stroke-width=\\"2\\" stroke-opacity=\\"0.5\\"></circle><circle data-id=\\"circle--17\\" cx=\\"131.8\\" cy=\\"152.8\\" r=\\"5\\" fill=\\"#ff6600\\" fill-opacity=\\"0.5\\" stroke=\\"#000\\" stroke-width=\\"2\\" stroke-opacity=\\"0.5\\"></circle><circle data-id=\\"circle--18\\" cx=\\"137.2\\" cy=\\"151.2\\" r=\\"5\\" fill=\\"#ff6600\\" fill-opacity=\\"0.5\\" stroke=\\"#000\\" stroke-width=\\"2\\" stroke-opacity=\\"0.5\\"></circle><circle data-id=\\"circle--19\\" cx=\\"142.6\\" cy=\\"149.6\\" r=\\"5\\" fill=\\"#ff6600\\" fill-opacity=\\"0.5\\" stroke=\\"#000\\" stroke-width=\\"2\\" stroke-opacity=\\"0.5\\"></circle><circle data-id=\\"circle--20\\" cx=\\"148\\" cy=\\"148\\" r=\\"5\\" fill=\\"#ff6600\\" fill-opacity=\\"0.5\\" stroke=\\"#000\\" stroke-width=\\"2\\" stroke-opacity=\\"0.5\\"></circle><circle data-id=\\"circle--21\\" cx=\\"153.39999999999998\\" cy=\\"146.4\\" r=\\"5\\" fill=\\"#ff6600\\" fill-opacity=\\"0.5\\" stroke=\\"#000\\" stroke-width=\\"2\\" stroke-opacity=\\"0.5\\"></circle><circle data-id=\\"circle--22\\" cx=\\"158.8\\" cy=\\"144.8\\" r=\\"5\\" fill=\\"#ff6600\\" fill-opacity=\\"0.5\\" stroke=\\"#000\\" stroke-width=\\"2\\" stroke-opacity=\\"0.5\\"></circle><circle data-id=\\"circle--23\\" cx=\\"164.2\\" cy=\\"143.2\\" r=\\"5\\" fill=\\"#ff6600\\" fill-opacity=\\"0.5\\" stroke=\\"#000\\" stroke-width=\\"2\\" stroke-opacity=\\"0.5\\"></circle><circle data-id=\\"circle--24\\" cx=\\"169.6\\" cy=\\"141.6\\" r=\\"5\\" fill=\\"#ff6600\\" fill-opacity=\\"0.5\\" stroke=\\"#000\\" stroke-width=\\"2\\" stroke-opacity=\\"0.5\\"></circle><circle data-id=\\"circle--25\\" cx=\\"175\\" cy=\\"140\\" r=\\"5\\" fill=\\"#ff6600\\" fill-opacity=\\"0.5\\" stroke=\\"#000\\" stroke-width=\\"2\\" stroke-opacity=\\"0.5\\"></circle><circle data-id=\\"circle--26\\" cx=\\"180.4\\" cy=\\"138.4\\" r=\\"5\\" fill=\\"#ff6600\\" fill-opacity=\\"0.5\\" stroke=\\"#000\\" stroke-width=\\"2\\" stroke-opacity=\\"0.5\\"></circle><circle data-id=\\"circle--27\\" cx=\\"185.8\\" cy=\\"136.8\\" r=\\"5\\" fill=\\"#ff6600\\" fill-opacity=\\"0.5\\" stroke=\\"#000\\" stroke-width=\\"2\\" stroke-opacity=\\"0.5\\"></circle><circle data-id=\\"circle--28\\" cx=\\"191.20000000000002\\" cy=\\"135.2\\" r=\\"5\\" fill=\\"#ff6600\\" fill-opacity=\\"0.5\\" stroke=\\"#000\\" stroke-width=\\"2\\" stroke-opacity=\\"0.5\\"></circle><circle data-id=\\"circle--29\\" cx=\\"196.6\\" cy=\\"133.6\\" r=\\"5\\" fill=\\"#ff6600\\" fill-opacity=\\"0.5\\" stroke=\\"#000\\" stroke-width=\\"2\\" stroke-opacity=\\"0.5\\"></circle><circle data-id=\\"circle--30\\" cx=\\"202\\" cy=\\"132\\" r=\\"5\\" fill=\\"#ff6600\\" fill-opacity=\\"0.5\\" stroke=\\"#000\\" stroke-width=\\"2\\" stroke-opacity=\\"0.5\\"></circle><circle data-id=\\"circle--31\\" cx=\\"207.4\\" cy=\\"130.4\\" r=\\"5\\" fill=\\"#ff6600\\" fill-opacity=\\"0.5\\" stroke=\\"#000\\" stroke-width=\\"2\\" stroke-opacity=\\"0.5\\"></circle><circle data-id=\\"circle--32\\" cx=\\"212.8\\" cy=\\"128.8\\" r=\\"5\\" fill=\\"#ff6600\\" fill-opacity=\\"0.5\\" stroke=\\"#000\\" stroke-width=\\"2\\" stroke-opacity=\\"0.5\\"></circle><circle data-id=\\"circle--33\\" cx=\\"218.20000000000002\\" cy=\\"127.19999999999999\\" r=\\"5\\" fill=\\"#ff6600\\" fill-opacity=\\"0.5\\" stroke=\\"#000\\" stroke-width=\\"2\\" stroke-opacity=\\"0.5\\"></circle><circle data-id=\\"circle--34\\" cx=\\"223.60000000000002\\" cy=\\"125.6\\" r=\\"5\\" fill=\\"#ff6600\\" fill-opacity=\\"0.5\\" stroke=\\"#000\\" stroke-width=\\"2\\" stroke-opacity=\\"0.5\\"></circle><circle data-id=\\"circle--35\\" cx=\\"229\\" cy=\\"124\\" r=\\"5\\" fill=\\"#ff6600\\" fill-opacity=\\"0.5\\" stroke=\\"#000\\" stroke-width=\\"2\\" stroke-opacity=\\"0.5\\"></circle><circle data-id=\\"circle--36\\" cx=\\"234.4\\" cy=\\"122.4\\" r=\\"5\\" fill=\\"#ff6600\\" fill-opacity=\\"0.5\\" stroke=\\"#000\\" stroke-width=\\"2\\" stroke-opacity=\\"0.5\\"></circle><circle data-id=\\"circle--37\\" cx=\\"239.8\\" cy=\\"120.8\\" r=\\"5\\" fill=\\"#ff6600\\" fill-opacity=\\"0.5\\" stroke=\\"#000\\" stroke-width=\\"2\\" stroke-opacity=\\"0.5\\"></circle><circle data-id=\\"circle--38\\" cx=\\"245.2\\" cy=\\"119.2\\" r=\\"5\\" fill=\\"#ff6600\\" fill-opacity=\\"0.5\\" stroke=\\"#000\\" stroke-width=\\"2\\" stroke-opacity=\\"0.5\\"></circle><circle data-id=\\"circle--39\\" cx=\\"250.6\\" cy=\\"117.6\\" r=\\"5\\" fill=\\"#ff6600\\" fill-opacity=\\"0.5\\" stroke=\\"#000\\" stroke-width=\\"2\\" stroke-opacity=\\"0.5\\"></circle><circle data-id=\\"circle--40\\" cx=\\"256\\" cy=\\"116\\" r=\\"5\\" fill=\\"#ff6600\\" fill-opacity=\\"0.5\\" stroke=\\"#000\\" stroke-width=\\"2\\" stroke-opacity=\\"0.5\\"></circle><circle data-id=\\"circle--41\\" cx=\\"261.4\\" cy=\\"114.4\\" r=\\"5\\" fill=\\"#ff6600\\" fill-opacity=\\"0.5\\" stroke=\\"#000\\" stroke-width=\\"2\\" stroke-opacity=\\"0.5\\"></circle><circle data-id=\\"circle--42\\" cx=\\"266.79999999999995\\" cy=\\"112.8\\" r=\\"5\\" fill=\\"#ff6600\\" fill-opacity=\\"0.5\\" stroke=\\"#000\\" stroke-width=\\"2\\" stroke-opacity=\\"0.5\\"></circle><circle data-id=\\"circle--43\\" cx=\\"272.2\\" cy=\\"111.2\\" r=\\"5\\" fill=\\"#ff6600\\" fill-opacity=\\"0.5\\" stroke=\\"#000\\" stroke-width=\\"2\\" stroke-opacity=\\"0.5\\"></circle><circle data-id=\\"circle--44\\" cx=\\"277.6\\" cy=\\"109.6\\" r=\\"5\\" fill=\\"#ff6600\\" fill-opacity=\\"0.5\\" stroke=\\"#000\\" stroke-width=\\"2\\" stroke-opacity=\\"0.5\\"></circle><circle data-id=\\"circle--45\\" cx=\\"283\\" cy=\\"108\\" r=\\"5\\" fill=\\"#ff6600\\" fill-opacity=\\"0.5\\" stroke=\\"#000\\" stroke-width=\\"2\\" stroke-opacity=\\"0.5\\"></circle><circle data-id=\\"circle--46\\" cx=\\"288.4\\" cy=\\"106.39999999999999\\" r=\\"5\\" fill=\\"#ff6600\\" fill-opacity=\\"0.5\\" stroke=\\"#000\\" stroke-width=\\"2\\" stroke-opacity=\\"0.5\\"></circle><circle data-id=\\"circle--47\\" cx=\\"293.79999999999995\\" cy=\\"104.80000000000001\\" r=\\"5\\" fill=\\"#ff6600\\" fill-opacity=\\"0.5\\" stroke=\\"#000\\" stroke-width=\\"2\\" stroke-opacity=\\"0.5\\"></circle><circle data-id=\\"circle--48\\" cx=\\"299.2\\" cy=\\"103.2\\" r=\\"5\\" fill=\\"#ff6600\\" fill-opacity=\\"0.5\\" stroke=\\"#000\\" stroke-width=\\"2\\" stroke-opacity=\\"0.5\\"></circle><circle data-id=\\"circle--49\\" cx=\\"304.6\\" cy=\\"101.6\\" r=\\"5\\" fill=\\"#ff6600\\" fill-opacity=\\"0.5\\" stroke=\\"#000\\" stroke-width=\\"2\\" stroke-opacity=\\"0.5\\"></circle><circle data-id=\\"circle--50\\" cx=\\"310\\" cy=\\"100\\" r=\\"5\\" fill=\\"#ff6600\\" fill-opacity=\\"0.5\\" stroke=\\"#000\\" stroke-width=\\"2\\" stroke-opacity=\\"0.5\\"></circle><circle data-id=\\"circle--51\\" cx=\\"315.4\\" cy=\\"98.4\\" r=\\"5\\" fill=\\"#ff6600\\" fill-opacity=\\"0.5\\" stroke=\\"#000\\" stroke-width=\\"2\\" stroke-opacity=\\"0.5\\"></circle><circle data-id=\\"circle--52\\" cx=\\"320.8\\" cy=\\"96.8\\" r=\\"5\\" fill=\\"#ff6600\\" fill-opacity=\\"0.5\\" stroke=\\"#000\\" stroke-width=\\"2\\" stroke-opacity=\\"0.5\\"></circle><circle data-id=\\"circle--53\\" cx=\\"326.2\\" cy=\\"95.19999999999999\\" r=\\"5\\" fill=\\"#ff6600\\" fill-opacity=\\"0.5\\" stroke=\\"#000\\" stroke-width=\\"2\\" stroke-opacity=\\"0.5\\"></circle><circle data-id=\\"circle--54\\" cx=\\"331.6\\" cy=\\"93.6\\" r=\\"5\\" fill=\\"#ff6600\\" fill-opacity=\\"0.5\\" stroke=\\"#000\\" stroke-width=\\"2\\" stroke-opacity=\\"0.5\\"></circle><circle data-id=\\"circle--55\\" cx=\\"337\\" cy=\\"92\\" r=\\"5\\" fill=\\"#ff6600\\" fill-opacity=\\"0.5\\" stroke=\\"#000\\" stroke-width=\\"2\\" stroke-opacity=\\"0.5\\"></circle><circle data-id=\\"circle--56\\" cx=\\"342.40000000000003\\" cy=\\"90.39999999999999\\" r=\\"5\\" fill=\\"#ff6600\\" fill-opacity=\\"0.5\\" stroke=\\"#000\\" stroke-width=\\"2\\" stroke-opacity=\\"0.5\\"></circle><circle data-id=\\"circle--57\\" cx=\\"347.79999999999995\\" cy=\\"88.80000000000001\\" r=\\"5\\" fill=\\"#ff6600\\" fill-opacity=\\"0.5\\" stroke=\\"#000\\" stroke-width=\\"2\\" stroke-opacity=\\"0.5\\"></circle><circle data-id=\\"circle--58\\" cx=\\"353.2\\" cy=\\"87.2\\" r=\\"5\\" fill=\\"#ff6600\\" fill-opacity=\\"0.5\\" stroke=\\"#000\\" stroke-width=\\"2\\" stroke-opacity=\\"0.5\\"></circle><circle data-id=\\"circle--59\\" cx=\\"358.59999999999997\\" cy=\\"85.60000000000001\\" r=\\"5\\" fill=\\"#ff6600\\" fill-opacity=\\"0.5\\" stroke=\\"#000\\" stroke-width=\\"2\\" stroke-opacity=\\"0.5\\"></circle><circle data-id=\\"circle--60\\" cx=\\"364\\" cy=\\"84\\" r=\\"5\\" fill=\\"#ff6600\\" fill-opacity=\\"0.5\\" stroke=\\"#000\\" stroke-width=\\"2\\" stroke-opacity=\\"0.5\\"></circle><circle data-id=\\"circle--61\\" cx=\\"369.4\\" cy=\\"82.4\\" r=\\"5\\" fill=\\"#ff6600\\" fill-opacity=\\"0.5\\" stroke=\\"#000\\" stroke-width=\\"2\\" stroke-opacity=\\"0.5\\"></circle><circle data-id=\\"circle--62\\" cx=\\"374.8\\" cy=\\"80.8\\" r=\\"5\\" fill=\\"#ff6600\\" fill-opacity=\\"0.5\\" stroke=\\"#000\\" stroke-width=\\"2\\" stroke-opacity=\\"0.5\\"></circle><circle data-id=\\"circle--63\\" cx=\\"380.2\\" cy=\\"79.2\\" r=\\"5\\" fill=\\"#ff6600\\" fill-opacity=\\"0.5\\" stroke=\\"#000\\" stroke-width=\\"2\\" stroke-opacity=\\"0.5\\"></circle><circle data-id=\\"circle--64\\" cx=\\"385.6\\" cy=\\"77.6\\" r=\\"5\\" fill=\\"#ff6600\\" fill-opacity=\\"0.5\\" stroke=\\"#000\\" stroke-width=\\"2\\" stroke-opacity=\\"0.5\\"></circle><circle data-id=\\"circle--65\\" cx=\\"391\\" cy=\\"76\\" r=\\"5\\" fill=\\"#ff6600\\" fill-opacity=\\"0.5\\" stroke=\\"#000\\" stroke-width=\\"2\\" stroke-opacity=\\"0.5\\"></circle><circle data-id=\\"circle--66\\" cx=\\"396.40000000000003\\" cy=\\"74.39999999999999\\" r=\\"5\\" fill=\\"#ff6600\\" fill-opacity=\\"0.5\\" stroke=\\"#000\\" stroke-width=\\"2\\" stroke-opacity=\\"0.5\\"></circle><circle data-id=\\"circle--67\\" cx=\\"401.8\\" cy=\\"72.8\\" r=\\"5\\" fill=\\"#ff6600\\" fill-opacity=\\"0.5\\" stroke=\\"#000\\" stroke-width=\\"2\\" stroke-opacity=\\"0.5\\"></circle><circle data-id=\\"circle--68\\" cx=\\"407.20000000000005\\" cy=\\"71.19999999999999\\" r=\\"5\\" fill=\\"#ff6600\\" fill-opacity=\\"0.5\\" stroke=\\"#000\\" stroke-width=\\"2\\" stroke-opacity=\\"0.5\\"></circle><circle data-id=\\"circle--69\\" cx=\\"412.59999999999997\\" cy=\\"69.60000000000001\\" r=\\"5\\" fill=\\"#ff6600\\" fill-opacity=\\"0.5\\" stroke=\\"#000\\" stroke-width=\\"2\\" stroke-opacity=\\"0.5\\"></circle><circle data-id=\\"circle--70\\" cx=\\"418\\" cy=\\"68\\" r=\\"5\\" fill=\\"#ff6600\\" fill-opacity=\\"0.5\\" stroke=\\"#000\\" stroke-width=\\"2\\" stroke-opacity=\\"0.5\\"></circle><circle data-id=\\"circle--71\\" cx=\\"423.4\\" cy=\\"66.4\\" r=\\"5\\" fill=\\"#ff6600\\" fill-opacity=\\"0.5\\" stroke=\\"#000\\" stroke-width=\\"2\\" stroke-opacity=\\"0.5\\"></circle><circle data-id=\\"circle--72\\" cx=\\"428.8\\" cy=\\"64.80000000000001\\" r=\\"5\\" fill=\\"#ff6600\\" fill-opacity=\\"0.5\\" stroke=\\"#000\\" stroke-width=\\"2\\" stroke-opacity=\\"0.5\\"></circle><circle data-id=\\"circle--73\\" cx=\\"434.2\\" cy=\\"63.2\\" r=\\"5\\" fill=\\"#ff6600\\" fill-opacity=\\"0.5\\" stroke=\\"#000\\" stroke-width=\\"2\\" stroke-opacity=\\"0.5\\"></circle><circle data-id=\\"circle--74\\" cx=\\"439.6\\" cy=\\"61.599999999999994\\" r=\\"5\\" fill=\\"#ff6600\\" fill-opacity=\\"0.5\\" stroke=\\"#000\\" stroke-width=\\"2\\" stroke-opacity=\\"0.5\\"></circle><circle data-id=\\"circle--75\\" cx=\\"445\\" cy=\\"60\\" r=\\"5\\" fill=\\"#ff6600\\" fill-opacity=\\"0.5\\" stroke=\\"#000\\" stroke-width=\\"2\\" stroke-opacity=\\"0.5\\"></circle><circle data-id=\\"circle--76\\" cx=\\"450.4\\" cy=\\"58.400000000000006\\" r=\\"5\\" fill=\\"#ff6600\\" fill-opacity=\\"0.5\\" stroke=\\"#000\\" stroke-width=\\"2\\" stroke-opacity=\\"0.5\\"></circle><circle data-id=\\"circle--77\\" cx=\\"455.8\\" cy=\\"56.8\\" r=\\"5\\" fill=\\"#ff6600\\" fill-opacity=\\"0.5\\" stroke=\\"#000\\" stroke-width=\\"2\\" stroke-opacity=\\"0.5\\"></circle><circle data-id=\\"circle--78\\" cx=\\"461.2\\" cy=\\"55.19999999999999\\" r=\\"5\\" fill=\\"#ff6600\\" fill-opacity=\\"0.5\\" stroke=\\"#000\\" stroke-width=\\"2\\" stroke-opacity=\\"0.5\\"></circle><circle data-id=\\"circle--79\\" cx=\\"466.6\\" cy=\\"53.599999999999994\\" r=\\"5\\" fill=\\"#ff6600\\" fill-opacity=\\"0.5\\" stroke=\\"#000\\" stroke-width=\\"2\\" stroke-opacity=\\"0.5\\"></circle><circle data-id=\\"circle--80\\" cx=\\"472\\" cy=\\"52\\" r=\\"5\\" fill=\\"#ff6600\\" fill-opacity=\\"0.5\\" stroke=\\"#000\\" stroke-width=\\"2\\" stroke-opacity=\\"0.5\\"></circle><circle data-id=\\"circle--81\\" cx=\\"477.40000000000003\\" cy=\\"50.39999999999998\\" r=\\"5\\" fill=\\"#ff6600\\" fill-opacity=\\"0.5\\" stroke=\\"#000\\" stroke-width=\\"2\\" stroke-opacity=\\"0.5\\"></circle><circle data-id=\\"circle--82\\" cx=\\"482.79999999999995\\" cy=\\"48.80000000000001\\" r=\\"5\\" fill=\\"#ff6600\\" fill-opacity=\\"0.5\\" stroke=\\"#000\\" stroke-width=\\"2\\" stroke-opacity=\\"0.5\\"></circle><circle data-id=\\"circle--83\\" cx=\\"488.2\\" cy=\\"47.20000000000002\\" r=\\"5\\" fill=\\"#ff6600\\" fill-opacity=\\"0.5\\" stroke=\\"#000\\" stroke-width=\\"2\\" stroke-opacity=\\"0.5\\"></circle><circle data-id=\\"circle--84\\" cx=\\"493.59999999999997\\" cy=\\"45.599999999999994\\" r=\\"5\\" fill=\\"#ff6600\\" fill-opacity=\\"0.5\\" stroke=\\"#000\\" stroke-width=\\"2\\" stroke-opacity=\\"0.5\\"></circle><circle data-id=\\"circle--85\\" cx=\\"499\\" cy=\\"44\\" r=\\"5\\" fill=\\"#ff6600\\" fill-opacity=\\"0.5\\" stroke=\\"#000\\" stroke-width=\\"2\\" stroke-opacity=\\"0.5\\"></circle><circle data-id=\\"circle--86\\" cx=\\"504.4\\" cy=\\"42.400000000000006\\" r=\\"5\\" fill=\\"#ff6600\\" fill-opacity=\\"0.5\\" stroke=\\"#000\\" stroke-width=\\"2\\" stroke-opacity=\\"0.5\\"></circle><circle data-id=\\"circle--87\\" cx=\\"509.8\\" cy=\\"40.80000000000001\\" r=\\"5\\" fill=\\"#ff6600\\" fill-opacity=\\"0.5\\" stroke=\\"#000\\" stroke-width=\\"2\\" stroke-opacity=\\"0.5\\"></circle><circle data-id=\\"circle--88\\" cx=\\"515.2\\" cy=\\"39.19999999999999\\" r=\\"5\\" fill=\\"#ff6600\\" fill-opacity=\\"0.5\\" stroke=\\"#000\\" stroke-width=\\"2\\" stroke-opacity=\\"0.5\\"></circle><circle data-id=\\"circle--89\\" cx=\\"520.6\\" cy=\\"37.599999999999994\\" r=\\"5\\" fill=\\"#ff6600\\" fill-opacity=\\"0.5\\" stroke=\\"#000\\" stroke-width=\\"2\\" stroke-opacity=\\"0.5\\"></circle><circle data-id=\\"circle--90\\" cx=\\"526\\" cy=\\"36\\" r=\\"5\\" fill=\\"#ff6600\\" fill-opacity=\\"0.5\\" stroke=\\"#000\\" stroke-width=\\"2\\" stroke-opacity=\\"0.5\\"></circle><circle data-id=\\"circle--91\\" cx=\\"531.4000000000001\\" cy=\\"34.400000000000006\\" r=\\"5\\" fill=\\"#ff6600\\" fill-opacity=\\"0.5\\" stroke=\\"#000\\" stroke-width=\\"2\\" stroke-opacity=\\"0.5\\"></circle><circle data-id=\\"circle--92\\" cx=\\"536.8\\" cy=\\"32.79999999999998\\" r=\\"5\\" fill=\\"#ff6600\\" fill-opacity=\\"0.5\\" stroke=\\"#000\\" stroke-width=\\"2\\" stroke-opacity=\\"0.5\\"></circle><circle data-id=\\"circle--93\\" cx=\\"542.2\\" cy=\\"31.19999999999999\\" r=\\"5\\" fill=\\"#ff6600\\" fill-opacity=\\"0.5\\" stroke=\\"#000\\" stroke-width=\\"2\\" stroke-opacity=\\"0.5\\"></circle><circle data-id=\\"circle--94\\" cx=\\"547.5999999999999\\" cy=\\"29.600000000000023\\" r=\\"5\\" fill=\\"#ff6600\\" fill-opacity=\\"0.5\\" stroke=\\"#000\\" stroke-width=\\"2\\" stroke-opacity=\\"0.5\\"></circle><circle data-id=\\"circle--95\\" cx=\\"553\\" cy=\\"28\\" r=\\"5\\" fill=\\"#ff6600\\" fill-opacity=\\"0.5\\" stroke=\\"#000\\" stroke-width=\\"2\\" stroke-opacity=\\"0.5\\"></circle><circle data-id=\\"circle--96\\" cx=\\"558.4\\" cy=\\"26.400000000000006\\" r=\\"5\\" fill=\\"#ff6600\\" fill-opacity=\\"0.5\\" stroke=\\"#000\\" stroke-width=\\"2\\" stroke-opacity=\\"0.5\\"></circle><circle data-id=\\"circle--97\\" cx=\\"563.8\\" cy=\\"24.80000000000001\\" r=\\"5\\" fill=\\"#ff6600\\" fill-opacity=\\"0.5\\" stroke=\\"#000\\" stroke-width=\\"2\\" stroke-opacity=\\"0.5\\"></circle><circle data-id=\\"circle--98\\" cx=\\"569.2\\" cy=\\"23.19999999999999\\" r=\\"5\\" fill=\\"#ff6600\\" fill-opacity=\\"0.5\\" stroke=\\"#000\\" stroke-width=\\"2\\" stroke-opacity=\\"0.5\\"></circle><circle data-id=\\"circle--99\\" cx=\\"574.6\\" cy=\\"21.599999999999994\\" r=\\"5\\" fill=\\"#ff6600\\" fill-opacity=\\"0.5\\" stroke=\\"#000\\" stroke-width=\\"2\\" stroke-opacity=\\"0.5\\"></circle></g></g></svg></div>"`;

exports[`Test scatterPlotXOrdinalYLinear SVG 1`] = `"<div style=\\"width: 600px; height: 200px;\\"><svg preserveAspectRatio=\\"none\\" width=\\"100%\\" height=\\"100%\\" viewBox=\\"0 0 600 200\\"><g><g id=\\"mockID\\" class=\\"chrt-axis chrt-x-axis\\" transform=\\"translate(0,180)\\"><line data-id=\\"tick-x-axis-line\\" stroke=\\"#000\\" stroke-width=\\"1\\" x1=\\"40\\" x2=\\"580\\" y1=\\"0\\" y2=\\"0\\"></line><g data-id=\\"tick-x-a\\" transform=\\"translate(107.5, 0)\\" style=\\"display: block;\\"><line stroke=\\"#000\\" stroke-width=\\"1\\" x1=\\"0\\" x2=\\"0\\" y1=\\"0\\" y2=\\"5\\"></line></g><g data-id=\\"tick-x-b\\" transform=\\"translate(242.5, 0)\\" style=\\"display: block;\\"><line stroke=\\"#000\\" stroke-width=\\"1\\" x1=\\"0\\" x2=\\"0\\" y1=\\"0\\" y2=\\"5\\"></line></g><g data-id=\\"tick-x-c\\" transform=\\"translate(377.5, 0)\\" style=\\"display: block;\\"><line stroke=\\"#000\\" stroke-width=\\"1\\" x1=\\"0\\" x2=\\"0\\" y1=\\"0\\" y2=\\"5\\"></line></g><g data-id=\\"tick-x-d\\" transform=\\"translate(512.5, 0)\\" style=\\"display: block;\\"><line stroke=\\"#000\\" stroke-width=\\"1\\" x1=\\"0\\" x2=\\"0\\" y1=\\"0\\" y2=\\"5\\"></line></g><g data-id=\\"label-x-a\\" transform=\\"translate(107.5, 0)\\" style=\\"display: block;\\"><text fill=\\"#000\\" text-anchor=\\"middle\\" y=\\"5\\" data-orientation=\\"1\\" dy=\\"1em\\">a</text></g><g data-id=\\"label-x-b\\" transform=\\"translate(242.5, 0)\\" style=\\"display: block;\\"><text fill=\\"#000\\" text-anchor=\\"middle\\" y=\\"5\\" data-orientation=\\"1\\" dy=\\"1em\\">b</text></g><g data-id=\\"label-x-c\\" transform=\\"translate(377.5, 0)\\" style=\\"display: block;\\"><text fill=\\"#000\\" text-anchor=\\"middle\\" y=\\"5\\" data-orientation=\\"1\\" dy=\\"1em\\">c</text></g><g data-id=\\"label-x-d\\" transform=\\"translate(512.5, 0)\\" style=\\"display: block;\\"><text fill=\\"#000\\" text-anchor=\\"middle\\" y=\\"5\\" data-orientation=\\"1\\" dy=\\"1em\\">d</text></g></g><g id=\\"mockID\\" class=\\"chrt-axis chrt-y-axis\\" transform=\\"translate(40,0)\\"><line data-id=\\"tick-y-axis-line\\" stroke=\\"#000\\" stroke-width=\\"1\\" x1=\\"0\\" x2=\\"0\\" y1=\\"20\\" y2=\\"180\\"></line><g data-id=\\"tick-y-10\\" transform=\\"translate(0, 180)\\" style=\\"display: block;\\"><line stroke=\\"#000\\" stroke-width=\\"1\\" x1=\\"0\\" x2=\\"-5\\"></line></g><g data-id=\\"tick-y-11\\" transform=\\"translate(0, 166.66666666666666)\\" style=\\"display: block;\\"><line stroke=\\"#000\\" stroke-width=\\"1\\" x1=\\"0\\" x2=\\"-5\\"></line></g><g data-id=\\"tick-y-12\\" transform=\\"translate(0, 153.33333333333334)\\" style=\\"display: block;\\"><line stroke=\\"#000\\" stroke-width=\\"1\\" x1=\\"0\\" x2=\\"-5\\"></line></g><g data-id=\\"tick-y-13\\" transform=\\"translate(0, 140)\\" style=\\"display: block;\\"><line stroke=\\"#000\\" stroke-width=\\"1\\" x1=\\"0\\" x2=\\"-5\\"></line></g><g data-id=\\"tick-y-14\\" transform=\\"translate(0, 126.66666666666667)\\" style=\\"display: block;\\"><line stroke=\\"#000\\" stroke-width=\\"1\\" x1=\\"0\\" x2=\\"-5\\"></line></g><g data-id=\\"tick-y-15\\" transform=\\"translate(0, 113.33333333333333)\\" style=\\"display: block;\\"><line stroke=\\"#000\\" stroke-width=\\"1\\" x1=\\"0\\" x2=\\"-5\\"></line></g><g data-id=\\"tick-y-16\\" transform=\\"translate(0, 100)\\" style=\\"display: block;\\"><line stroke=\\"#000\\" stroke-width=\\"1\\" x1=\\"0\\" x2=\\"-5\\"></line></g><g data-id=\\"tick-y-17\\" transform=\\"translate(0, 86.66666666666666)\\" style=\\"display: block;\\"><line stroke=\\"#000\\" stroke-width=\\"1\\" x1=\\"0\\" x2=\\"-5\\"></line></g><g data-id=\\"tick-y-18\\" transform=\\"translate(0, 73.33333333333334)\\" style=\\"display: block;\\"><line stroke=\\"#000\\" stroke-width=\\"1\\" x1=\\"0\\" x2=\\"-5\\"></line></g><g data-id=\\"tick-y-19\\" transform=\\"translate(0, 60)\\" style=\\"display: block;\\"><line stroke=\\"#000\\" stroke-width=\\"1\\" x1=\\"0\\" x2=\\"-5\\"></line></g><g data-id=\\"tick-y-20\\" transform=\\"translate(0, 46.66666666666666)\\" style=\\"display: block;\\"><line stroke=\\"#000\\" stroke-width=\\"1\\" x1=\\"0\\" x2=\\"-5\\"></line></g><g data-id=\\"tick-y-21\\" transform=\\"translate(0, 33.33333333333334)\\" style=\\"display: block;\\"><line stroke=\\"#000\\" stroke-width=\\"1\\" x1=\\"0\\" x2=\\"-5\\"></line></g><g data-id=\\"tick-y-22\\" transform=\\"translate(0, 20)\\" style=\\"display: block;\\"><line stroke=\\"#000\\" stroke-width=\\"1\\" x1=\\"0\\" x2=\\"-5\\"></line></g><g data-id=\\"label-y-10\\" transform=\\"translate(0, 180)\\" style=\\"display: block;\\"><text fill=\\"#000\\" text-anchor=\\"end\\" x=\\"-5\\" dx=\\"-5px\\" dy=\\"0.25em\\">10</text></g><g data-id=\\"label-y-11\\" transform=\\"translate(0, 166.66666666666666)\\" style=\\"display: block;\\"><text fill=\\"#000\\" text-anchor=\\"end\\" x=\\"-5\\" dx=\\"-5px\\" dy=\\"0.25em\\">11</text></g><g data-id=\\"label-y-12\\" transform=\\"translate(0, 153.33333333333334)\\" style=\\"display: block;\\"><text fill=\\"#000\\" text-anchor=\\"end\\" x=\\"-5\\" dx=\\"-5px\\" dy=\\"0.25em\\">12</text></g><g data-id=\\"label-y-13\\" transform=\\"translate(0, 140)\\" style=\\"display: block;\\"><text fill=\\"#000\\" text-anchor=\\"end\\" x=\\"-5\\" dx=\\"-5px\\" dy=\\"0.25em\\">13</text></g><g data-id=\\"label-y-14\\" transform=\\"translate(0, 126.66666666666667)\\" style=\\"display: block;\\"><text fill=\\"#000\\" text-anchor=\\"end\\" x=\\"-5\\" dx=\\"-5px\\" dy=\\"0.25em\\">14</text></g><g data-id=\\"label-y-15\\" transform=\\"translate(0, 113.33333333333333)\\" style=\\"display: block;\\"><text fill=\\"#000\\" text-anchor=\\"end\\" x=\\"-5\\" dx=\\"-5px\\" dy=\\"0.25em\\">15</text></g><g data-id=\\"label-y-16\\" transform=\\"translate(0, 100)\\" style=\\"display: block;\\"><text fill=\\"#000\\" text-anchor=\\"end\\" x=\\"-5\\" dx=\\"-5px\\" dy=\\"0.25em\\">16</text></g><g data-id=\\"label-y-17\\" transform=\\"translate(0, 86.66666666666666)\\" style=\\"display: block;\\"><text fill=\\"#000\\" text-anchor=\\"end\\" x=\\"-5\\" dx=\\"-5px\\" dy=\\"0.25em\\">17</text></g><g data-id=\\"label-y-18\\" transform=\\"translate(0, 73.33333333333334)\\" style=\\"display: block;\\"><text fill=\\"#000\\" text-anchor=\\"end\\" x=\\"-5\\" dx=\\"-5px\\" dy=\\"0.25em\\">18</text></g><g data-id=\\"label-y-19\\" transform=\\"translate(0, 60)\\" style=\\"display: block;\\"><text fill=\\"#000\\" text-anchor=\\"end\\" x=\\"-5\\" dx=\\"-5px\\" dy=\\"0.25em\\">19</text></g><g data-id=\\"label-y-20\\" transform=\\"translate(0, 46.66666666666666)\\" style=\\"display: block;\\"><text fill=\\"#000\\" text-anchor=\\"end\\" x=\\"-5\\" dx=\\"-5px\\" dy=\\"0.25em\\">20</text></g><g data-id=\\"label-y-21\\" transform=\\"translate(0, 33.33333333333334)\\" style=\\"display: block;\\"><text fill=\\"#000\\" text-anchor=\\"end\\" x=\\"-5\\" dx=\\"-5px\\" dy=\\"0.25em\\">21</text></g><g data-id=\\"label-y-22\\" transform=\\"translate(0, 20)\\" style=\\"display: block;\\"><text fill=\\"#000\\" text-anchor=\\"end\\" x=\\"-5\\" dx=\\"-5px\\" dy=\\"0.25em\\">22</text></g></g><g id=\\"mockID\\" class=\\"chrt-points\\"><circle data-id=\\"circle--0\\" cx=\\"107.5\\" cy=\\"180\\" r=\\"5\\" fill=\\"#ff6600\\" fill-opacity=\\"0.5\\" stroke=\\"#000\\" stroke-width=\\"2\\" stroke-opacity=\\"0.5\\"></circle><circle data-id=\\"circle--1\\" cx=\\"242.5\\" cy=\\"126.66666666666667\\" r=\\"5\\" fill=\\"#ff6600\\" fill-opacity=\\"0.5\\" stroke=\\"#000\\" stroke-width=\\"2\\" stroke-opacity=\\"0.5\\"></circle><circle data-id=\\"circle--2\\" cx=\\"377.5\\" cy=\\"126.66666666666667\\" r=\\"5\\" fill=\\"#ff6600\\" fill-opacity=\\"0.5\\" stroke=\\"#000\\" stroke-width=\\"2\\" stroke-opacity=\\"0.5\\"></circle><circle data-id=\\"circle--3\\" cx=\\"512.5\\" cy=\\"20\\" r=\\"5\\" fill=\\"#ff6600\\" fill-opacity=\\"0.5\\" stroke=\\"#000\\" stroke-width=\\"2\\" stroke-opacity=\\"0.5\\"></circle></g></g></svg></div>"`;
